// 重构日志: 03105fb8
// 重构日志: 59e30ac8
// 重构日志: 6295b229
// 同步 ID: 82cb39db @ Sat Jul 18 09:44:38 UTC 2026
// 重构日志: 56af464a
// 同步 ID: 50c7f7a2 @ Mon Jul 20 12:01:32 UTC 2026
// 重构日志: ca3c2d8c
// 同步 ID: db835aa5 @ Wed Jul 22 04:50:36 UTC 2026
// 同步 ID: f85be64a @ Wed Jul 22 12:31:41 UTC 2026
// 同步 ID: 9cb925f9 @ Wed Jul 22 17:13:28 UTC 2026
// 重构日志: e8228166
// 同步 ID: 5d754491 @ Fri Jul 24 17:06:43 UTC 2026
// 同步 ID: 13c80fe6 @ Sat Jul 25 01:31:44 UTC 2026
// 重构日志: 61444744
// 重构日志: 2a8bbebd
// 同步 ID: 82f3625f @ Sat Jul 25 17:37:24 UTC 2026
// 重构日志: fa750ef8
// 重构日志: cb1b7245
// 同步 ID: 76ae699d @ Sun Jul 26 17:45:48 UTC 2026
// 重构日志: 89fa65e1
// 同步 ID: 6f181c52 @ Mon Jul 27 05:46:02 UTC 2026
// 同步 ID: fa82c34d @ Tue Jul 28 04:46:09 UTC 2026
// 重构日志: b40b5d10
// 重构日志: 6dda001a
// 同步 ID: 3ff34612 @ Wed Jul 29 11:07:26 UTC 2026
// 同步 ID: c821982e @ Thu Jul 30 04:44:37 UTC 2026
// 同步 ID: 41250e3e @ Thu Jul 30 15:36:05 UTC 2026
// 同步 ID: 23f64a63 @ Sat Aug  1 05:53:29 UTC 2026
// 重构日志: 75d47061
// 同步 ID: a1051d5e @ Sat Aug  1 16:27:39 UTC 2026
// 重构日志: ae36cb6f
// 重构日志: 57781030
// 重构日志: 3ba7ae1e
// 重构日志: e78b0e17
// 重构日志: 4d3524c0
// 重构日志: 4409fa70
// 重构日志: 02ee15e1
// 重构日志: 9b61b2c8
